// Jest Snapshot v1, https://goo.gl/fbAQLP

exports[`css node createStyils node 1`] = `
"<meta id="styils-css-cache" name="styils-cache" mode="none" content="css-2175997142|css-2374624703"><style data-ssr="styils-css-ssr">.css-2175997142{width:100px;}</style>
<style data-ssr="styils-css-ssr">.css-2374624703{height:100px;}</style>"
`;

exports[`css node node default createExtracts  1`] = `
"<meta id="styils-css-cache" name="styils-cache" mode="none" content="css-2175997142|css-2374624703"><style data-ssr="styils-css-ssr">.css-2175997142{width:100px;}</style>
<style data-ssr="styils-css-ssr">.css-2374624703{height:100px;}</style>"
`;
