// Jest Snapshot v1, https://goo.gl/fbAQLP

exports[`css node createStyils node 1`] = `
"<meta id="styils-css-cache" name="styils-cache" mode="none" content="css-1264677326|css-1087961639"><style data-ssr="styils-css-ssr">.css-1264677326{width:100px;}</style>
<style data-ssr="styils-css-ssr">.css-1087961639{height:100px;}</style>"
`;

exports[`css node node default createExtracts  1`] = `
"<meta id="styils-css-cache" name="styils-cache" mode="none" content="css-1264677326|css-1087961639"><style data-ssr="styils-css-ssr">.css-1264677326{width:100px;}</style>
<style data-ssr="styils-css-ssr">.css-1087961639{height:100px;}</style>"
`;
